\set ECHO none
1..14
ok 1 - Function delta_e_cie_1976(double precision, double precision, double precision, double precision, double precision, double precision) should exist
ok 2 - Function delta_e_cie_1994(double precision, double precision, double precision, double precision, double precision, double precision) should exist
ok 3 - Function delta_e_cie_1994(double precision, double precision, double precision, double precision, double precision, double precision, double precision, double precision, double precision, double precision, double precision) should exist
ok 4 - Function delta_e_cmc(double precision, double precision, double precision, double precision, double precision, double precision) should exist
ok 5 - Function delta_e_cmc(double precision, double precision, double precision, double precision, double precision, double precision, double precision, double precision) should exist
ok 6 - Function delta_e_cie_2000(double precision, double precision, double precision, double precision, double precision, double precision) should exist
ok 7 - Function delta_e_cie_2000(double precision, double precision, double precision, double precision, double precision, double precision, double precision, double precision, double precision) should exist
ok 8 - calculate delta_e_cie_2000_full
ok 9 - calculate delta_e_cie_2000
ok 10 - calculate delta_e_cmc_full
ok 11 - calculate delta_e_cmc
ok 12 - calculate delta_e_cie_1994_full
ok 13 - calculate delta_e_cie_1994
ok 14 - calculate delta_e_cie_1976
